Microchip MPLAB XC8 Compiler V1.33 ()

Linker command line:

-W-1 --edf=C:\Program Files (x86)\Microchip\xc8\v1.33\dat\en_msgs.txt -cs \
  -h+master.sym --cmf=master.cmf -z -Q18F6722 \
  -oC:\Users\micha\AppData\Local\Temp\s1q4.6 -Mmaster.map -E1 -ver=XC8 \
  -ASTACK=0A68h-0f5fh -pstack=STACK -ACODE=00h-01FFFFh -ACONST=00h-01FFFFh \
  -ASMALLCONST=01000h-010FFhx496 \
  -AMEDIUMCONST=01000h-0FFFFh,011000h-01FFFFh -ACOMRAM=01h-05Fh \
  -AABS1=00h-0F5Fh -ABIGRAM=01h-0F5Fh \
  -ARAM=060h-0FFh,0100h-01FFhx14,0F00h-0F5Fh -ABANK0=060h-0FFh \
  -ABANK1=0100h-01FFh -ABANK2=0200h-02FFh -ABANK3=0300h-03FFh \
  -ABANK4=0400h-04FFh -ABANK5=0500h-05FFh -ABANK6=0600h-06FFh \
  -ABANK7=0700h-07FFh -ABANK8=0800h-08FFh -ABANK9=0900h-09FFh \
  -ABANK10=0A00h-0AFFh -ABANK11=0B00h-0BFFh -ABANK12=0C00h-0CFFh \
  -ABANK13=0D00h-0DFFh -ABANK14=0E00h-0EFFh -ABANK15=0F00h-0F5Fh \
  -ASFR=0F60h-0FFFh \
  -preset_vec=00h,intcode=08h,intcodelo,powerup,init,end_init \
  -pramtop=01000h -psmallconst=SMALLCONST -pmediumconst=MEDIUMCONST \
  -pconst=CONST -AFARRAM=00h-00h -ACONFIG=0300000h-030000Dh -pconfig=CONFIG \
  -AIDLOC=0200000h-0200007h -pidloc=IDLOC -AEEDATA=0F00000h-0F003FFh \
  -peeprom_data=EEDATA \
  -prdata=COMRAM,nvrram=COMRAM,nvbit=COMRAM,rbss=COMRAM,rbit=COMRAM \
  -pfarbss=FARRAM,fardata=FARRAM,nvFARRAM=FARRAM \
  -pintsave_regs=BIGRAM,bigbss=BIGRAM,bigdata=BIGRAM -pbss=RAM \
  -pidata=CODE,irdata=CODE,ibigdata=CODE,ifardata=CODE \
  C:\Users\micha\AppData\Local\Temp\s1q4.obj master.obj 

Object code version is 3.11

Machine type is 18F6722

Call graph: (short form)




                Name                               Link     Load   Length Selector   Space Scale
C:\Users\micha\AppData\Local\Temp\s1q4.obj
                end_init                             18       18        4        4       0
                reset_vec                             0        0        4        0       0
                config                           300000   300000        A   300000       0
master.obj      intcode                               8        8       10        4       0
                mediumconst                        BEA0     BEA0     4160     5F50       0
                text185                            1F8C     1F8C       14        4       0
                text184                            1F78     1F78       14        4       0
                text183                            1EE0     1EE0       1A        4       0
                text182                            1B26     1B26       34        4       0
                text181                           1FFC4    1FFC4       3C     8000       0
                text180                            1F26     1F26       16        4       0
                text179                            1802     1802       40        4       0
                text178                            19E0     19E0       3A        4       0
                text177                           191AE    191AE      688     8000       0
                text176                            19A6     19A6       3A        4       0
                text175                           1F7DA    1F7DA       FA     8000       0
                text174                            196C     196C       3A        4       0
                text173                           19EBC    19EBC      66A     8000       0
                intcode_body                      1EBE2    1EBE2      148     8000       0
                text171                            13BC     13BC       4A        4       0
                text170                           1CFEC    1CFEC      214     8000       0
                text169                            203C     203C        2        4       0
                text168                           17390    17390      7F4     8000       0
                text167                           17B84    17B84      7DA     8000       0
                text166                            1AF2     1AF2       34        4       0
                text165                            17C2     17C2       40        4       0
                text164                            1F64     1F64       14        4       0
                text163                            1FDC     1FDC        E        4       0
                text162                            1E74     1E74       1E        4       0
                text161                           1E522    1E522      168     8000       0
                text160                            1FCE     1FCE        E        4       0
                text159                            1932     1932       3A        4       0
                text158                            1782     1782       40        4       0
                text157                            18F8     18F8       3A        4       0
                text156                            1742     1742       40        4       0
                text155                            18BE     18BE       3A        4       0
                text154                            1702     1702       40        4       0
                text153                            11A8     11A8       56        4       0
                text152                             68C      68C       8E        4       0
                text151                            1ABE     1ABE       34        4       0
                text150                            1FB0     1FB0       10        4       0
                text149                           1F4D2    1F4D2      104     8000       0
                text148                            1CFE     1CFE       26        4       0
                text147                              1C       1C       CC        4       0
                text146                           1D5EA    1D5EA      1EE     8000       0
                text145                             F84      F84       60        4       0
                text144                             DFC      DFC       66        4       0
                text143                            1F50     1F50       14        4       0
                text142                            1640     1640       42        4       0
                text141                            1E36     1E36       20        4       0
                text140                            1DF4     1DF4       22        4       0
                text139                            1DD2     1DD2       22        4       0
                text138                            1526     1526       48        4       0
                text137                            1E56     1E56       1E        4       0
                text136                            1CD8     1CD8       26        4       0
                text135                            1CB2     1CB2       26        4       0
                text134                            1EC6     1EC6       1A        4       0
                text133                            1EAC     1EAC       1A        4       0
                text132                            1DB0     1DB0       22        4       0
                text131                            1E92     1E92       1A        4       0
                text130                            201C     201C        6        4       0
                text129                            1D48     1D48       24        4       0
                text128                            1D8E     1D8E       22        4       0
                text127                             56C      56C       92        4       0
                text126                            1A88     1A88       36        4       0
                text125                            1D24     1D24       24        4       0
                text124                            1BE4     1BE4       2E        4       0
                text123                           1DB7E    1DB7E      1B0     8000       0
                text122                           1B90A    1B90A      494     8000       0
                text121                            1372     1372       4A        4       0
                text120                             43C      43C       9C        4       0
                text119                             A4C      A4C       82        4       0
                text118                            14DE     14DE       48        4       0
                text117                            2016     2016        6        4       0
                text116                           1F3CE    1F3CE      104     8000       0
                text115                           18B1C    18B1C      692     8000       0
                text114                             C3E      C3E       74        4       0
                text113                           1AA7C    1AA7C      4E0     8000       0
                text112                             D24      D24       72        4       0
                text111                            203A     203A        2        4       0
                text110                           1ED2A    1ED2A      13E     8000       0
                text109                           1FAB0    1FAB0       E8     8000       0
                text108                           1EF8E    1EF8E      122     8000       0
                text107                             CB2      CB2       72        4       0
                text106                           19836    19836      686     8000       0
                text105                           1AF5C    1AF5C      4DE     8000       0
                text104                           1F9C8    1F9C8       E8     8000       0
                text103                           168E2    168E2      AAE     8000       0
                text102                             BC8      BC8       76        4       0
                text101                            2038     2038        2        4       0
                text100                           1F2C6    1F2C6      108     8000       0
                text99                             1152     1152       56        4       0
                text98                             1FA0     1FA0       10        4       0
                text97                              8BE      8BE       88        4       0
                text96                             1D6C     1D6C       22        4       0
                text95                             1328     1328       4A        4       0
                text94                             12DE     12DE       4A        4       0
                text93                             2036     2036        2        4       0
                text92                             2034     2034        2        4       0
                text91                             1880     1880       3E        4       0
                text90                              2FA      2FA       A2        4       0
                text89                             1496     1496       48        4       0
                text88                              D96      D96       66        4       0
                text87                             109C     109C       5C        4       0
                text86                            1F0B0    1F0B0      10C     8000       0
                text85                             15FA     15FA       46        4       0
                text84                            1F6D8    1F6D8      102     8000       0
                text83                             1BB6     1BB6       2E        4       0
                text82                              832      832       8C        4       0
                text81                             2010     2010        6        4       0
                text80                             200A     200A        6        4       0
                text79                             202A     202A        4        4       0
                text78                             2026     2026        4        4       0
                text77                             2022     2022        4        4       0
                text76                             2004     2004        6        4       0
                text75                             1FFE     1FFE        6        4       0
                text74                             1FF8     1FF8        6        4       0
                text73                             1FF2     1FF2        6        4       0
                text72                            1D9C0    1D9C0      1BE     8000       0
                text71                            1D7D8    1D7D8      1E8     8000       0
                text70                              7A6      7A6       8C        4       0
                text69                             1C12     1C12       2A        4       0
                text68                               E8       E8       B6        4       0
                text67                            1E7F0    1E7F0      158     8000       0
                text66                              24E      24E       AC        4       0
                text65                             1A1A     1A1A       38        4       0
                text64                             1F3C     1F3C       14        4       0
                text63                            1C3BC    1C3BC      2A6     8000       0
                text62                              B4E      B4E       7A        4       0
                text61                            1CB68    1CB68      248     8000       0
                text60                             16C2     16C2       40        4       0
                text59                             1682     1682       40        4       0
                text58                            1D3FA    1D3FA      1F0     8000       0
                text57                              19E      19E       B0        4       0
                text56                             1FC0     1FC0        E        4       0
                text55                             1FEA     1FEA        8        4       0
                text54                            1E948    1E948      150     8000       0
                text53                            1F8D4    1F8D4       F4     8000       0
                text52                              71A      71A       8C        4       0
                text51                             2032     2032        2        4       0
                text50                            1E68A    1E68A      166     8000       0
                text49                             1842     1842       3E        4       0
                text48                              39C      39C       A0        4       0
                text47                             15B4     15B4       46        4       0
                text46                             1B88     1B88       2E        4       0
                text45                            1FEF6    1FEF6       CE     8000       0
                text44                            1FE28    1FE28       CE     8000       0
                text43                            1FD5A    1FD5A       CE     8000       0
                text42                             1294     1294       4A        4       0
                text41                             144E     144E       48        4       0
                text40                            1D200    1D200      1FA     8000       0
                text39                              4D8      4D8       94        4       0
                text38                              946      946       84        4       0
                text37                              F24      F24       60        4       0
                text36                            1E212    1E212      18A     8000       0
                text35                              9CA      9CA       82        4       0
                text34                             156E     156E       46        4       0
                text33                            158F0    158F0      FF2     8000       0
                text32                             1A52     1A52       36        4       0
                text31                            1E39C    1E39C      186     8000       0
                text30                            1DD2E    1DD2E      1AE     8000       0
                text29                            1F5D6    1F5D6      102     8000       0
                text28                             124A     124A       4A        4       0
                text27                             11FE     11FE       4C        4       0
                text26                             1F10     1F10       16        4       0
                text25                              ACE      ACE       80        4       0
                text24                            1EE68    1EE68      126     8000       0
                text23                            1C906    1C906      262     8000       0
                text22                             1EFA     1EFA       16        4       0
                text21                             1C64     1C64       28        4       0
                text20                            1FB98    1FB98       E6     8000       0
                text19                              5FE      5FE       8E        4       0
                text18                             1C8C     1C8C       26        4       0
                text17                            1C0F8    1C0F8      2C4     8000       0
                text16                            1F1BC    1F1BC      10A     8000       0
                text15                            1C662    1C662      2A4     8000       0
                text14                            1E078    1E078      19A     8000       0
                text13                            1A526    1A526      556     8000       0
                text12                            1BD9E    1BD9E      35A     8000       0
                text11                            1835E    1835E      7BE     8000       0
                text10                             2030     2030        2        4       0
                text9                             1CDB0    1CDB0      23C     8000       0
                text8                             1DEDC    1DEDC      19C     8000       0
                text7                             141CE    141CE     1722     8000       0
                text6                              1040     1040       5C        4       0
                text5                              1E16     1E16       20        4       0
                text4                               E62      E62       62        4       0
                text3                              1B5A     1B5A       2E        4       0
                text2                             1B43A    1B43A      4D0     8000       0
                text1                              10F8     10F8       5A        4       0
                text0                             10000    10000     41CE     8000       0
                cstackCOMRAM                         22       22       20        1       1
                cstackBANK0                          60       60       74       60       1
                cstackBANK1                         1BF      1BF       2C      100       1
                cstackBANK7                         7C8      7C8       37      700       1
                bssBANK10                           A00      A00       68      A00       1
                dataBANK9                           968      968       5C      900       1
                bssBANK9                            900      900       68      900       1
                bssBANK8                            800      800       E8      800       1
                dataBANK7                           768      768       60      700       1
                bssBANK7                            700      700       68      700       1
                dataBANK6                           600      600       DC      600       1
                dataBANK5                           58E      58E       48      500       1
                bssBANK5                            500      500       8E      500       1
                dataBANK4                           4D8      4D8       28      400       1
                bssBANK4                            400      400       D8      400       1
                bssBANK3                            300      300       F5      300       1
                bssBANK2                            200      200       FF      200       1
                dataBANK1                           1F4      1F4        2      100       1
                bssBANK1                            100      100       BF      100       1
                bssBANK0                             D4       D4       26       60       1
                bssCOMRAM                             1        1       21        1       1
                cinit                             1EA98    1EA98      14A     8000       0
                nvBANK1                             1EB      1EB        9      100       1
                idataBANK9                          FE4      FE4       5C        4       0
                idataBANK7                          EC4      EC4       60        4       0
                idataBANK6                        1FC7E    1FC7E       DC     8000       0
                idataBANK5                         1406     1406       48        4       0
                idataBANK4                         1C3C     1C3C       28        4       0
                idataBANK1                         202E     202E        2        4       0

TOTAL           Name                               Link     Load   Length     Space
        CLASS   STACK          

        CLASS   CODE           
                end_init                             18       18        4         0
                intcode                               8        8       10         0
                reset_vec                             0        0        4         0
                text185                            1F8C     1F8C       14         0
                text184                            1F78     1F78       14         0
                text183                            1EE0     1EE0       1A         0
                text182                            1B26     1B26       34         0
                text181                           1FFC4    1FFC4       3C         0
                text180                            1F26     1F26       16         0
                text179                            1802     1802       40         0
                text178                            19E0     19E0       3A         0
                text177                           191AE    191AE      688         0
                text176                            19A6     19A6       3A         0
                text175                           1F7DA    1F7DA       FA         0
                text174                            196C     196C       3A         0
                text173                           19EBC    19EBC      66A         0
                intcode_body                      1EBE2    1EBE2      148         0
                text171                            13BC     13BC       4A         0
                text170                           1CFEC    1CFEC      214         0
                text169                            203C     203C        2         0
                text168                           17390    17390      7F4         0
                text167                           17B84    17B84      7DA         0
                text166                            1AF2     1AF2       34         0
                text165                            17C2     17C2       40         0
                text164                            1F64     1F64       14         0
                text163                            1FDC     1FDC        E         0
                text162                            1E74     1E74       1E         0
                text161                           1E522    1E522      168         0
                text160                            1FCE     1FCE        E         0
                text159                            1932     1932       3A         0
                text158                            1782     1782       40         0
                text157                            18F8     18F8       3A         0
                text156                            1742     1742       40         0
                text155                            18BE     18BE       3A         0
                text154                            1702     1702       40         0
                text153                            11A8     11A8       56         0
                text152                             68C      68C       8E         0
                text151                            1ABE     1ABE       34         0
                text150                            1FB0     1FB0       10         0
                text149                           1F4D2    1F4D2      104         0
                text148                            1CFE     1CFE       26         0
                text147                              1C       1C       CC         0
                text146                           1D5EA    1D5EA      1EE         0
                text145                             F84      F84       60         0
                text144                             DFC      DFC       66         0
                text143                            1F50     1F50       14         0
                text142                            1640     1640       42         0
                text141                            1E36     1E36       20         0
                text140                            1DF4     1DF4       22         0
                text139                            1DD2     1DD2       22         0
                text138                            1526     1526       48         0
                text137                            1E56     1E56       1E         0
                text136                            1CD8     1CD8       26         0
                text135                            1CB2     1CB2       26         0
                text134                            1EC6     1EC6       1A         0
                text133                            1EAC     1EAC       1A         0
                text132                            1DB0     1DB0       22         0
                text131                            1E92     1E92       1A         0
                text130                            201C     201C        6         0
                text129                            1D48     1D48       24         0
                text128                            1D8E     1D8E       22         0
                text127                             56C      56C       92         0
                text126                            1A88     1A88       36         0
                text125                            1D24     1D24       24         0
                text124                            1BE4     1BE4       2E         0
                text123                           1DB7E    1DB7E      1B0         0
                text122                           1B90A    1B90A      494         0
                text121                            1372     1372       4A         0
                text120                             43C      43C       9C         0
                text119                             A4C      A4C       82         0
                text118                            14DE     14DE       48         0
                text117                            2016     2016        6         0
                text116                           1F3CE    1F3CE      104         0
                text115                           18B1C    18B1C      692         0
                text114                             C3E      C3E       74         0
                text113                           1AA7C    1AA7C      4E0         0
                text112                             D24      D24       72         0
                text111                            203A     203A        2         0
                text110                           1ED2A    1ED2A      13E         0
                text109                           1FAB0    1FAB0       E8         0
                text108                           1EF8E    1EF8E      122         0
                text107                             CB2      CB2       72         0
                text106                           19836    19836      686         0
                text105                           1AF5C    1AF5C      4DE         0
                text104                           1F9C8    1F9C8       E8         0
                text103                           168E2    168E2      AAE         0
                text102                             BC8      BC8       76         0
                text101                            2038     2038        2         0
                text100                           1F2C6    1F2C6      108         0
                text99                             1152     1152       56         0
                text98                             1FA0     1FA0       10         0
                text97                              8BE      8BE       88         0
                text96                             1D6C     1D6C       22         0
                text95                             1328     1328       4A         0
                text94                             12DE     12DE       4A         0
                text93                             2036     2036        2         0
                text92                             2034     2034        2         0
                text91                             1880     1880       3E         0
                text90                              2FA      2FA       A2         0
                text89                             1496     1496       48         0
                text88                              D96      D96       66         0
                text87                             109C     109C       5C         0
                text86                            1F0B0    1F0B0      10C         0
                text85                             15FA     15FA       46         0
                text84                            1F6D8    1F6D8      102         0
                text83                             1BB6     1BB6       2E         0
                text82                              832      832       8C         0
                text81                             2010     2010        6         0
                text80                             200A     200A        6         0
                text79                             202A     202A        4         0
                text78                             2026     2026        4         0
                text77                             2022     2022        4         0
                text76                             2004     2004        6         0
                text75                             1FFE     1FFE        6         0
                text74                             1FF8     1FF8        6         0
                text73                             1FF2     1FF2        6         0
                text72                            1D9C0    1D9C0      1BE         0
                text71                            1D7D8    1D7D8      1E8         0
                text70                              7A6      7A6       8C         0
                text69                             1C12     1C12       2A         0
                text68                               E8       E8       B6         0
                text67                            1E7F0    1E7F0      158         0
                text66                              24E      24E       AC         0
                text65                             1A1A     1A1A       38         0
                text64                             1F3C     1F3C       14         0
                text63                            1C3BC    1C3BC      2A6         0
                text62                              B4E      B4E       7A         0
                text61                            1CB68    1CB68      248         0
                text60                             16C2     16C2       40         0
                text59                             1682     1682       40         0
                text58                            1D3FA    1D3FA      1F0         0
                text57                              19E      19E       B0         0
                text56                             1FC0     1FC0        E         0
                text55                             1FEA     1FEA        8         0
                text54                            1E948    1E948      150         0
                text53                            1F8D4    1F8D4       F4         0
                text52                              71A      71A       8C         0
                text51                             2032     2032        2         0
                text50                            1E68A    1E68A      166         0
                text49                             1842     1842       3E         0
                text48                              39C      39C       A0         0
                text47                             15B4     15B4       46         0
                text46                             1B88     1B88       2E         0
                text45                            1FEF6    1FEF6       CE         0
                text44                            1FE28    1FE28       CE         0
                text43                            1FD5A    1FD5A       CE         0
                text42                             1294     1294       4A         0
                text41                             144E     144E       48         0
                text40                            1D200    1D200      1FA         0
                text39                              4D8      4D8       94         0
                text38                              946      946       84         0
                text37                              F24      F24       60         0
                text36                            1E212    1E212      18A         0
                text35                              9CA      9CA       82         0
                text34                             156E     156E       46         0
                text33                            158F0    158F0      FF2         0
                text32                             1A52     1A52       36         0
                text31                            1E39C    1E39C      186         0
                text30                            1DD2E    1DD2E      1AE         0
                text29                            1F5D6    1F5D6      102         0
                text28                             124A     124A       4A         0
                text27                             11FE     11FE       4C         0
                text26                             1F10     1F10       16         0
                text25                              ACE      ACE       80         0
                text24                            1EE68    1EE68      126         0
                text23                            1C906    1C906      262         0
                text22                             1EFA     1EFA       16         0
                text21                             1C64     1C64       28         0
                text20                            1FB98    1FB98       E6         0
                text19                              5FE      5FE       8E         0
                text18                             1C8C     1C8C       26         0
                text17                            1C0F8    1C0F8      2C4         0
                text16                            1F1BC    1F1BC      10A         0
                text15                            1C662    1C662      2A4         0
                text14                            1E078    1E078      19A         0
                text13                            1A526    1A526      556         0
                text12                            1BD9E    1BD9E      35A         0
                text11                            1835E    1835E      7BE         0
                text10                             2030     2030        2         0
                text9                             1CDB0    1CDB0      23C         0
                text8                             1DEDC    1DEDC      19C         0
                text7                             141CE    141CE     1722         0
                text6                              1040     1040       5C         0
                text5                              1E16     1E16       20         0
                text4                               E62      E62       62         0
                text3                              1B5A     1B5A       2E         0
                text2                             1B43A    1B43A      4D0         0
                text1                              10F8     10F8       5A         0
                text0                             10000    10000     41CE         0
                cinit                             1EA98    1EA98      14A         0
                idataBANK9                          FE4      FE4       5C         0
                idataBANK7                          EC4      EC4       60         0
                idataBANK6                        1FC7E    1FC7E       DC         0
                idataBANK5                         1406     1406       48         0
                idataBANK4                         1C3C     1C3C       28         0
                idataBANK1                         202E     202E        2         0

        CLASS   CONST          

        CLASS   SMALLCONST     

        CLASS   MEDIUMCONST    
                mediumconst                        BEA0     BEA0     4160         0

        CLASS   COMRAM         
                cstackCOMRAM                         22       22       20         1
                bssCOMRAM                             1        1       21         1

        CLASS   ABS1           

        CLASS   BIGRAM         

        CLASS   RAM            

        CLASS   BANK0          
                cstackBANK0                          60       60       74         1
                bssBANK0                             D4       D4       26         1

        CLASS   BANK1          
                cstackBANK1                         1BF      1BF       2C         1
                dataBANK1                           1F4      1F4        2         1
                bssBANK1                            100      100       BF         1
                nvBANK1                             1EB      1EB        9         1

        CLASS   BANK2          
                bssBANK2                            200      200       FF         1

        CLASS   BANK3          
                bssBANK3                            300      300       F5         1

        CLASS   BANK4          
                dataBANK4                           4D8      4D8       28         1
                bssBANK4                            400      400       D8         1

        CLASS   BANK5          
                dataBANK5                           58E      58E       48         1
                bssBANK5                            500      500       8E         1

        CLASS   BANK6          
                dataBANK6                           600      600       DC         1

        CLASS   BANK7          
                cstackBANK7                         7C8      7C8       37         1
                dataBANK7                           768      768       60         1
                bssBANK7                            700      700       68         1

        CLASS   BANK8          
                bssBANK8                            800      800       E8         1

        CLASS   BANK9          
                dataBANK9                           968      968       5C         1
                bssBANK9                            900      900       68         1

        CLASS   BANK10         
                bssBANK10                           A00      A00       68         1

        CLASS   BANK11         

        CLASS   BANK12         

        CLASS   BANK13         

        CLASS   BANK14         

        CLASS   BANK15         

        CLASS   SFR            

        CLASS   FARRAM         

        CLASS   CONFIG         
                config                           300000   300000        A         0

        CLASS   IDLOC          

        CLASS   EEDATA         



SEGMENTS        Name                           Load    Length   Top    Selector   Space  Class

                reset_vec                      000000  000004  000004         0       0  CODE    
                bssCOMRAM                      000001  000041  000042         1       1  COMRAM  
                intcode                        000008  002036  00203E         4       0  CODE    
                cstackBANK0                    000060  00009A  0000FA        60       1  BANK0   
                bssBANK1                       000100  0000F6  0001F6       100       1  BANK1   
                bssBANK2                       000200  0000FF  0002FF       200       1  BANK2   
                bssBANK3                       000300  0000F5  0003F5       300       1  BANK3   
                bssBANK4                       000400  000100  000500       400       1  BANK4   
                bssBANK5                       000500  0000D6  0005D6       500       1  BANK5   
                dataBANK6                      000600  0000DC  0006DC       600       1  BANK6   
                bssBANK7                       000700  0000FF  0007FF       700       1  BANK7   
                bssBANK8                       000800  0000E8  0008E8       800       1  BANK8   
                bssBANK9                       000900  0000C4  0009C4       900       1  BANK9   
                bssBANK10                      000A00  000068  000A68       A00       1  BANK10  
                mediumconst                    00BEA0  004160  010000      5F50       0  MEDIUMCO
                text0                          010000  010000  020000      8000       0  CODE    
                config                         300000  00000A  30000A    300000       0  CONFIG  


UNUSED ADDRESS RANGES

        Name                Unused          Largest block    Delta
        BANK0            0000FA-0000FF                6
        BANK1            0001F6-0001FF                A
        BANK10           000A68-000AFF               98
        BANK11           000B00-000BFF              100
        BANK12           000C00-000CFF              100
        BANK13           000D00-000DFF              100
        BANK14           000E00-000EFF              100
        BANK15           000F00-000F5F               60
        BANK2            0002FF-0002FF                1
        BANK3            0003F5-0003FF                B
        BANK5            0005D6-0005FF               2A
        BANK6            0006DC-0006FF               24
        BANK7            0007FF-0007FF                1
        BANK8            0008E8-0008FF               18
        BANK9            0009C4-0009FF               3C
        BIGRAM           000042-00005F               1E
                         0000FA-0000FF                6
                         0001F6-0001FF                A
                         0002FF-0002FF                1
                         0003F5-0003FF                B
                         0005D6-0005FF               2A
                         0006DC-0006FF               24
                         0007FF-0007FF                1
                         0008E8-0008FF               18
                         0009C4-0009FF               3C
                         000A68-000F5F              4F8
        CODE             000004-000007                4
                         00203E-00BE9F             9E62
        COMRAM           000042-00005F               1E
        CONFIG           30000A-30000D                4
        CONST            000004-000007                4
                         00203E-00BE9F             9E62
        EEDATA           F00000-F003FF              400
        IDLOC            200000-200007                8
        MEDIUMCONST      00203E-00BE9F             9E62
        RAM              0000FA-0000FF                6
                         0001F6-0001FF                A
                         0002FF-0002FF                1
                         0003F5-0003FF                B
                         0005D6-0005FF               2A
                         0006DC-0006FF               24
                         0007FF-0007FF                1
                         0008E8-0008FF               18
                         0009C4-0009FF               3C
                         000A68-000F5F              100
        SFR              000F60-000FFF               A0
        SMALLCONST       00203E-00BE9F              100
        STACK            000A68-000F5F              4F8

                                  Symbol Table

?_BatteryAverage                  cstackBANK0  000067
?_FeedPwm2Sec                     cstackBANK0  000060
?_GetMtrResponse                  cstackBANK0  000060
?_ReadCapture1                    cstackCOMRAM 000022
?_ReadCapture2                    cstackCOMRAM 000022
?_SpeedInRange                    cstackBANK0  000060
?___aldiv                         cstackBANK0  000060
?___awdiv                         cstackBANK0  000072
?___awmod                         cstackBANK0  000072
?___lldiv                         cstackBANK0  000060
?___lmul                          cstackBANK0  000060
?___lwdiv                         cstackBANK0  000060
?___lwmod                         cstackBANK0  000060
?___wmul                          cstackBANK0  000060
?_atoh                            cstackBANK0  000064
?_parse_next                      cstackBANK0  00007C
?_rand                            cstackBANK0  00006C
?_strchr                          cstackBANK0  000060
?_strlen                          cstackBANK0  000060
BatteryAverage@BatAvgVal          cstackBANK0  000073
BatteryAverage@i                  cstackBANK0  000075
BatteryAverage@j                  cstackBANK0  000071
BatteryAverage@maxVal             cstackBANK0  00006F
BatteryAverage@minVal             cstackBANK0  00006D
BatteryAverage@val                cstackBANK0  000067
BuildCmd@args                     cstackBANK0  000068
BuildCmd@checksum                 cstackBANK0  000073
BuildCmd@cnt                      cstackBANK0  000066
BuildCmd@code                     cstackBANK0  000064
BuildCmd@cptr                     cstackBANK0  000071
BuildCmd@i                        cstackBANK0  000074
BuildCmd@val                      cstackBANK0  00006D
CalcBotPwm@SpdDir                 cstackBANK0  00007A
CalcBotPwm@TooFast                cstackBANK0  000076
CalcBotPwm@abs_delta              cstackBANK0  00007E
CalcBotPwm@abs_delta1             cstackBANK0  000082
CalcBotPwm@delta                  cstackBANK0  000084
CalcBotPwm@drift                  cstackBANK0  000086
CalcBotPwm@drift1                 cstackBANK0  00007C
CalcBotPwm@incr                   cstackBANK0  000080
CalcBotPwm@ix                     cstackBANK0  000074
CalcBotPwm@rbot_last_delta        cstackBANK0  000072
CalcBotPwm@rbot_last_delta1       cstackBANK0  000078
CalcLimits@SpdLimit               cstackBANK0  00006A
CalcLimits@count                  cstackBANK0  000066
CalcLimits@i                      cstackBANK0  000070
CalcTopPwm@SpdDir                 cstackBANK0  000077
CalcTopPwm@TooFast                cstackBANK0  000073
CalcTopPwm@abs_delta              cstackBANK0  00007B
CalcTopPwm@abs_delta1             cstackBANK0  00007F
CalcTopPwm@delta                  cstackBANK0  000081
CalcTopPwm@drift                  cstackBANK0  000083
CalcTopPwm@drift1                 cstackBANK0  000079
CalcTopPwm@incr                   cstackBANK0  00007D
CalcTopPwm@ix                     cstackBANK0  000071
CalcTopPwm@rtop_last_delta        cstackBANK0  00006F
CalcTopPwm@rtop_last_delta1       cstackBANK0  000075
CheckBattery@val                  cstackBANK0  00007A
ChipDeSelect@dev                  cstackBANK0  000060
ChipReserve@dev                   cstackBANK0  000060
ChipSelect@dev                    cstackBANK0  000060
CurShot_diag@args                 cstackBANK0  000078
CurShot_diag@code                 cstackBANK0  000076
Delay10KTCYx@unit                 cstackBANK0  000061
Delay1KTCYx@unit                  cstackBANK0  000060
DisableSlaveSPI@c                 cstackBANK0  000077
DisableSlaveSPI@c1                cstackBANK0  000076
FeedPwm2Sec@feed                  cstackBANK0  000060
FeedPwm2Sec@i                     cstackBANK0  00006C
GetMtrResponse@rc                 cstackBANK0  000064
NxtShot_diag@args                 cstackBANK0  000078
NxtShot_diag@code                 cstackBANK0  000076
Open1USART@config                 cstackBANK0  000065
Open1USART@spbrg                  cstackBANK0  000060
Open2USART@config                 cstackBANK0  000065
Open2USART@spbrg                  cstackBANK0  000060
OpenCapture1@config               cstackBANK0  000060
OpenCapture2@ccp2mx               cstackBANK0  000061
OpenCapture2@config               cstackBANK0  000062
OpenPWM3@period                   cstackBANK0  000060
OpenPWM4@period                   cstackBANK0  000060
OpenPWM5@period                   cstackBANK0  000060
OpenSPI1@bus_mode                 cstackBANK0  000060
OpenSPI1@smp_phase                cstackBANK0  000061
OpenSPI1@sync_mode                cstackBANK0  000062
OpenTimer0@config                 cstackBANK0  000060
OpenTimer1@config                 cstackBANK0  000060
OpenTimer3@config                 cstackBANK0  000060
OpenTimer4@config                 cstackBANK0  000060
OpenXLCD@lcdtype                  cstackBANK0  000062
PL10                              text0        01393E
PL100                             text7        015640
PL102                             text11       018A9A
PL104                             text0        013B9C
PL106                             text0        013BAE
PL108                             text170      01D1A0
PL110                             text12       01C018
PL112                             text0        013BCA
PL114                             text0        013BD8
PL116                             text7        015650
PL118                             text33       01669A
PL12                              text0        01396C
PL120                             text14       01E1E2
PL122                             text7        015660
PL124                             text12       01C02C
PL126                             text33       0166BC
PL128                             text33       0166D8
PL130                             text7        01566E
PL132                             text24       01EF16
PL134                             text33       0166EE
PL136                             text0        013C6A
PL138                             text33       01671A
PL14                              text0        01397A
PL140                             text7        015684
PL142                             text12       01C056
PL144                             text33       016758
PL146                             text11       018AA8
PL148                             text7        015692
PL150                             text11       018ABE
PL152                             text7        0156A0
PL154                             text33       016774
PL156                             text12       01C074
PL158                             text0        013C96
PL16                              text0        01399A
PL160                             text7        0156B0
PL162                             text122      01BD42
PL164                             text7        0156CA
PL166                             text103      017260
PL168                             text0        013CDA
PL170                             text7        0156E6
PL172                             text33       01678A
PL174                             text13       01A9BE
PL176                             text23       01CB3C
PL178                             text0        013D0A
PL18                              text0        0139AE
PL180                             text7        0156F4
PL182                             text11       018AD2
PL184                             text103      01727C
PL186                             text0        013D5C
PL188                             text7        01570A
PL190                             text0        013D6C
PL192                             text8        01E04A
PL194                             text0        013D7C
PL196                             text0        013D92
PL198                             text17       01C322
PL2                               text0        01382E
PL20                              text0        0139CC
PL200                             text58       01D596
PL202                             text0        013DBC
PL204                             text0        013DCE
PL206                             text177      0196EA
PL208                             text106      019D80
PL210                             text115      019072
PL212                             text173      01A3DA
PL214                             text40       01D3AC
PL216                             text177      0196FE
PL218                             text173      01A3EE
PL22                              text146      01D7B0
PL220                             text115      019086
PL222                             text20       01FC6E
PL224                             text106      019D94
PL226                             text50       01E7BC
PL228                             text170      01D1BC
PL230                             text40       01D3C8
PL232                             text8        01E06A
PL234                             text177      01971A
PL236                             text173      01A40A
PL238                             text115      0190A2
PL24                              text0        0139EE
PL240                             text106      019DB0
PL242                             text45       01FFA2
PL244                             text7        01571A
PL246                             text44       01FED4
PL248                             text7        01572A
PL250                             text43       01FE06
PL252                             text0        013DE8
PL254                             text0        013DF2
PL256                             text0        013E06
PL258                             text13       01A9CE
PL26                              text0        0139FE
PL260                             text40       01D3E2
PL262                             text7        01574C
PL264                             text103      01728C
PL266                             text103      0172AC
PL268                             text116      01F48E
PL270                             text58       01D5C4
PL272                             text167      018286
PL274                             text168      017A9A
PL276                             text33       01679A
PL278                             text103      0172BA
PL28                              text0        013A1C
PL280                             text122      01BD66
PL282                             text0        013E14
PL284                             text33       0167B8
PL286                             text33       0167CE
PL288                             text7        01576C
PL290                             text0        013E1C
PL292                             text33       0167E4
PL294                             text0        013E32
PL296                             text33       0167F6
PL298                             text0        013E44
PL30                              text0        013A2A
PL300                             text168      017AB8
PL302                             text167      0182A4
PL304                             text103      0172D0
PL306                             text13       01A9E6
PL308                             text103      0172DE
PL310                             text0        013E56
PL312                             text17       01C36E
PL314                             text0        013E6A
PL316                             text7        015782
PL318                             text17       01C382
PL32                              text7        0155A4
PL320                             text0        013E7E
PL322                             text0        013E8E
PL324                             text12       01C096
PL326                             text17       01C39C
PL328                             text0        013E9E
PL330                             text33       016808
PL332                             text173      01A42C
PL334                             text7        01579C
PL336                             text177      01973C
PL338                             text122      01BD7C
PL34                              text7        0155BA
PL340                             text168      017AD4
PL342                             text0        013EAA
PL344                             text7        0157B4
PL346                             text17       01C3AA
PL348                             text0        013EBC
PL350                             text9        01CFCA
PL352                             text86       01F1AA
PL354                             text71       01D98A
PL356                             text103      01730E
PL358                             text33       016818
PL36                              text11       018A28
PL360                             text115      0190C4
PL362                             text113      01AF0E
PL364                             text105      01B3EC
PL366                             text106      019DD2
PL368                             text113      01AF32
PL370                             text13       01AA16
PL372                             text0        013EE4
PL374                             text11       018AFE
PL376                             text105      01B410
PL378                             text167      0182C0
PL38                              text33       016662
PL380                             text63       01C620
PL382                             text168      017AE4
PL384                             text33       01683C
PL386                             text31       01E4FA
PL388                             text0        013EF2
PL390                             text0        013F02
PL392                             text30       01DEB4
PL394                             text0        013F12
PL396                             text0        013F24
PL398                             text0        013F38
PL4                               text0        01386E
PL40                              text33       01668A
PL400                             text168      017B06
PL402                             text167      0182E2
PL404                             text12       01C0A6
PL406                             text0        013F58
PL408                             text7        0157C6
PL410                             text12       01C0C2
PL412                             text167      018300
PL414                             text7        0157D8
PL416                             text168      017B26
PL418                             text33       01684A
PL42                              text0        013A3A
PL420                             text33       01685C
PL422                             text167      018312
PL424                             text168      017B38
PL426                             text0        013F6A
PL428                             text177      019754
PL430                             text33       01686E
PL432                             text173      01A444
PL434                             text58       01D5CE
PL436                             text122      01BD90
PL438                             text106      019DF6
PL44                              text0        013A7C
PL440                             text13       01AA24
PL442                             text114      000C98
PL444                             text103      017332
PL446                             text116      01F4A0
PL448                             text106      019E10
PL450                             text115      0190E8
PL452                             text7        0157EA
PL454                             text61       01CD86
PL456                             text103      01734C
PL458                             text177      019770
PL46                              text7        0155C4
PL460                             text173      01A460
PL462                             text88       000DE2
PL464                             text7        015804
PL466                             text103      017366
PL468                             text115      019102
PL470                             text14       01E1F6
PL472                             text13       01AA3E
PL474                             text14       01E204
PL476                             text0        013F7A
PL478                             text50       01E7CC
PL48                              text0        013A8A
PL480                             text9        01CFDC
PL482                             text0        013F88
PL484                             text0        013F98
PL486                             text103      017380
PL488                             text30       01DECC
PL490                             text0        013FA8
PL492                             text7        01581E
PL494                             text15       01C8E6
PL496                             text0        013FBC
PL498                             text0        013FCC
PL50                              text7        0155DE
PL500                             text11       018B0C
PL502                             text31       01E512
PL504                             text116      01F4BA
PL506                             text54       01EA6E
PL508                             text7        01582E
PL510                             text2        01B8E6
PL512                             text13       01AA58
PL514                             text0        013FDC
PL516                             text0        013FF4
PL518                             text0        01400C
PL52                              text0        013A98
PL520                             text0        014024
PL522                             text168      017B4A
PL524                             text0        01403C
PL526                             text167      018324
PL528                             text0        014054
PL530                             text106      019E2A
PL532                             text12       01C0D2
PL534                             text177      01978A
PL536                             text173      01A47A
PL538                             text147      0000B8
PL54                              text0        013AA8
PL540                             text173      01A490
PL542                             text115      01911C
PL544                             text177      0197A0
PL546                             text106      019E40
PL548                             text167      01833C
PL550                             text126      001AB0
PL552                             text0        01406A
PL554                             text161      01E66C
PL556                             text0        01407A
PL558                             text115      019132
PL56                              text7        0155FE
PL560                             text23       01CB4A
PL562                             text168      017B62
PL564                             text54       01EA86
PL566                             text33       01687C
PL568                             text63       01C642
PL570                             text173      01A4A6
PL572                             text36       01E378
PL574                             text106      019E4C
PL576                             text177      0197B6
PL578                             text115      01913E
PL58                              text0        013AB6
PL580                             text7        015846
PL582                             text0        014088
PL584                             text0        01409A
PL586                             text106      019E5E
PL588                             text115      019150
PL590                             text50       01E7DE
PL592                             text173      01A4B8
PL594                             text115      019162
PL596                             text0        0140AC
PL598                             text0        0140BE
PL6                               text0        0138B0
PL60                              text0        013AC2
PL600                             text36       01E38A
PL602                             text106      019E70
PL604                             text33       016890
PL606                             text170      01D1D6
PL608                             text177      0197C8
PL610                             text7        015854
PL612                             text7        015866
PL614                             text147      0000CE
PL616                             text168      017B70
PL618                             text167      01834A
PL62                              text113      01AEA8
PL620                             text61       01CDA0
PL622                             text115      019174
PL624                             text177      0197DA
PL626                             text0        0140D0
PL628                             text12       01C0E8
PL630                             text33       0168A2
PL632                             text15       01C8F6
PL634                             text0        0140E0
PL636                             text106      019E82
PL638                             text29       01F6C8
PL64                              text105      01B386
PL640                             text106      019E92
PL642                             text173      01A4CA
PL644                             text0        0140F0
PL646                             text0        014100
PL648                             text105      01B41C
PL650                             text0        014110
PL652                             text173      01A4DA
PL654                             text173      01A4EA
PL656                             text23       01CB58
PL658                             text90       00037C
PL66                              text13       01A9AE
PL660                             text7        015878
PL662                             text115      019184
PL664                             text113      01AF3E
PL666                             text7        015888
PL668                             text177      0197EA
PL670                             text0        014120
PL672                             text106      019EA2
PL674                             text72       01DB60
PL676                             text0        014130
PL678                             text90       00038C
PL68                              text0        013AFC
PL680                             text173      01A4FA
PL682                             text146      01D7C8
PL684                             text7        015898
PL686                             text177      0197FA
PL688                             text71       01D9B0
PL690                             text147      0000D8
PL692                             text177      01980A
PL694                             text115      019194
PL696                             text161      01E67A
PL698                             text167      018356
PL70                              text20       01FC0C
PL700                             text168      017B7C
PL702                             text7        0158A8
PL704                             text170      01D1E8
PL706                             text7        0158B6
PL708                             text0        014140
PL710                             text13       01AA6E
PL712                             text7        0158C4
PL714                             text0        01414E
PL716                             text109      01FB8A
PL718                             text113      01AF4E
PL72                              text0        013B24
PL720                             text110      01EE5A
PL722                             text72       01DB70
PL724                             text0        01415C
PL726                             text63       01C64C
PL728                             text7        0158D0
PL730                             text0        01416A
PL732                             text0        014178
PL734                             text0        014186
PL736                             text108      01F0A2
PL738                             text7        0158DA
PL74                              text0        013B40
PL740                             text0        014194
PL742                             text0        0141A2
PL744                             text105      01B42C
PL746                             text2        01B8FC
PL748                             text173      01A50A
PL750                             text63       01C65A
PL752                             text0        0141B0
PL754                             text170      01D1F6
PL756                             text177      01981A
PL758                             text149      01F5C4
PL76                              text105      01B3AA
PL760                             text173      01A512
PL762                             text115      0191A4
PL764                             text33       0168B2
PL766                             text106      019EB2
PL768                             text177      019822
PL770                             text0        0141BA
PL772                             text149      01F5CE
PL774                             text0        0141C4
PL776                             text33       0168BC
PL778                             text177      01982C
PL78                              text113      01AECC
PL780                             text33       0168C2
PL782                             text173      01A51C
PL784                             text33       0168C8
PL786                             text7        0158E8
PL788                             text33       0168CE
PL790                             text33       0168D4
PL792                             text33       0168DC
PL8                               text0        0138F8
PL80                              text7        01560C
PL82                              text20       01FC3A
PL84                              text0        013B80
PL86                              text11       018A5C
PL88                              text7        015632
PL90                              text0        013B8E
PL92                              text113      01AEDE
PL94                              text105      01B3BC
PL96                              text113      01AEF6
PL98                              text105      01B3D4
PgaGain@chan                      cstackBANK0  000064
PgaGain@gain                      cstackBANK0  000066
Read1USART@data                   cstackBANK0  000060
Read2USART@data                   cstackBANK0  000060
ReadCapture1@Cap                  cstackCOMRAM 000024
ReadCapture2@Cap                  cstackCOMRAM 000024
RemoteSaveDrill@i                 cstackBANK0  000086
RemoteSaveDrill@j                 cstackBANK0  000085
SEERead@addr                      cstackBANK0  000064
SEERead@data                      cstackBANK0  000069
SEEWrite@addr                     cstackBANK0  000064
SEEWrite@data                     cstackBANK0  000066
SEEWrite@status                   cstackBANK0  00006A
SetBotPwm@delta                   cstackBANK0  000077
SetBotPwm@drift                   cstackBANK0  000071
SetBotPwm@drift1                  cstackBANK0  00006F
SetBotPwm@i                       cstackBANK0  000075
SetBotPwm@incr                    cstackBANK0  000073
SetDCPWM3@DCycle                  cstackBANK0  000064
SetDCPWM3@dutycycle               cstackBANK0  000060
SetDCPWM4@DCycle                  cstackBANK0  000064
SetDCPWM4@dutycycle               cstackBANK0  000060
SetDCPWM5@DCycle                  cstackBANK0  000064
SetDCPWM5@dutycycle               cstackBANK0  000060
SetDDRamAddr@DDaddr               cstackBANK0  000060
SetFeedImm@feedpwm                cstackBANK0  000063
SetFeedRate@feedpwm               cstackBANK0  000060
SetTopPwm@delta                   cstackBANK0  000077
SetTopPwm@drift                   cstackBANK0  000071
SetTopPwm@drift1                  cstackBANK0  00006F
SetTopPwm@i                       cstackBANK0  000075
SetTopPwm@incr                    cstackBANK0  000073
Setup@ix                          cstackBANK0  000078
SlowFeedMtr@flag                  cstackBANK0  000066
StartBot@delta                    cstackBANK0  000092
StartBot@ix                       cstackBANK0  000094
StartBot@val                      cstackBANK0  00007A
StartElevRandom@arg               cstackBANK0  000091
StartElevRandom@limit_bot         cstackBANK0  000083
StartElevRandom@limit_top         cstackBANK0  000081
StartElevRandom@speed             cstackBANK0  00007F
StartFeed@ptr                     cstackBANK0  00006D
StartFeedCont@feedpwm             cstackBANK0  000064
StartSweepRandom@arg              cstackBANK0  000091
StartSweepRandom@limit_l          cstackBANK0  000083
StartSweepRandom@limit_r          cstackBANK0  000081
StartSweepRandom@speed            cstackBANK0  00007F
StartTop@delta                    cstackBANK0  000092
StartTop@ix                       cstackBANK0  000094
StartTop@val                      cstackBANK0  00007A
StopBotMtr@ptr                    cstackBANK0  000068
StopFeedMtr@ptr                   cstackBANK0  000068
StopTopMtr@ptr                    cstackBANK0  000068
SvcShots@StartXTime               bssBANK1     000106
SvcShots@arg                      cstackBANK0  0000A5
SvcShots@curx                     cstackBANK0  00009F
SvcShots@delta                    cstackBANK0  0000A1
SvcShots@feed_rate_hs             bssBANK2     00022A
SvcShots@lastx                    cstackBANK0  00009D
UpdTopPer@top_delta1              cstackBANK0  000066
Write2USART@data                  cstackBANK0  000060
WriteCmdXLCD@cmd                  cstackBANK0  000060
WriteDataXLCD@data                cstackBANK0  000060
WriteSPI1@data_out                cstackBANK0  000060
_ADCON0                           (abs)        000FC2
_ADCON0bits                       (abs)        000FC2
_ADCON1                           (abs)        000FC1
_ADCON2                           (abs)        000FC0
_ADRESH                           (abs)        000FC4
_ADRESL                           (abs)        000FC3
_Advanced_locs                    mediumconst  00EC32
_BAT_CurSenseCt                   bssBANK1     000160
_BAT_TripPoint                    bssBANK2     000265
_BAT_TripTime                     bssBANK2     000267
_BAT_lastval                      bssBANK2     000269
_BDM_CurSenseCt                   bssBANK2     000256
_BDM_CurSenseCt_H                 bssBANK2     000259
_BDM_TripPoint                    bssBANK2     000200
_BDM_TripPoint_H                  bssBANK2     000206
_BDM_TripTime                     bssBANK2     00020C
_BDM_TripTime_H                   bssBANK2     000212
_BallElapsedHalfSec               bssBANK0     0000D4
_BallElapsedTicks                 bssBANK1     000161
_BallTimerOn                      bssBANK1     000162
_BatAvg                           bssBANK4     000400
_BatAvgCnt                        bssBANK1     000163
_BatLevelDisplay                  bssBANK1     000164
_BatLevelDisplayTmr               bssBANK1     000165
_BatPercent                       bssBANK2     00026B
_BatteryAverage                   text170      01CFEC
_Beginner_locs                    mediumconst  00EC6E
_BotSpdLimit                      bssBANK2     0002EF
_BuildCmd                         text161      01E522
_BusyXLCD                         text132      001DB0
_CCP1CON                          (abs)        000FBD
_CCP2CON                          (abs)        000FBA
_CCP3CON                          (abs)        000FB7
_CCP4CON                          (abs)        000F73
_CCP5CON                          (abs)        000F70
_CCPR1H                           (abs)        000FBF
_CCPR1L                           (abs)        000FBE
_CCPR2H                           (abs)        000FBC
_CCPR2L                           (abs)        000FBB
_CCPR3L                           (abs)        000FB8
_CCPR4L                           (abs)        000F74
_CCPR5L                           (abs)        000F71
_CalcBotPwm                       text168      017390
_CalcBotPwm$2391                  cstackBANK0  000068
_CalcBotPwm$2392                  cstackBANK0  000070
_CalcBotPwm$2393                  cstackBANK0  00006C
_CalcLimits                       text116      01F3CE
_CalcTopPwm                       text167      017B84
_CalcTopPwm$2368                  cstackBANK0  000065
_CalcTopPwm$2369                  cstackBANK0  00006D
_CalcTopPwm$2370                  cstackBANK0  000069
_CheckBattery                     text153      0011A8
_ChipDeSelect                     text166      001AF2
_ChipReserve                      text150      001FB0
_ChipSelect                       text165      0017C2
_CloseCapture1                    text81       002010
_CloseCapture2                    text80       00200A
_ClosePWM3                        text79       00202A
_ClosePWM4                        text78       002026
_ClosePWM5                        text77       002022
_CloseTimer0                      text76       002004
_CloseTimer1                      text75       001FFE
_CloseTimer3                      text74       001FF8
_CloseTimer4                      text73       001FF2
_CurSense                         mediumconst  00C275
_CurSenseCt                       bssBANK5     000500
_CurShot                          bssBANK1     00019C
_CurShotState                     bssBANK1     00012C
_CurShot_diag                     text58       01D3FA
_DbgFeedType                      bssBANK2     00022E
_Delay10KTCYx                     text131      001E92
_Delay1KTCYx                      text164      001F64
_DelayFor18TCY                    text133      001EAC
_DelayPORXLCD                     text130      00201C
_DiagBuf                          bssBANK5     00052E
_DisableSlaveSPI                  text152      00068C
_DoDebug                          bssBANK1     000166
_ELEV_CORR_MIN                    bssBANK1     00012E
_EnableSlaveSPI                   text151      001ABE
_ErrorShutDown                    bssBANK0     0000F2
_ErrorStat                        bssCOMRAM    000019
[...]
		PL662          		CODE           	19184	0000	16
		PL116          		CODE           	15650	0000	16
		PL306          		CODE           	1A9E6	0000	48
		PL154          		CODE           	16774	0000	22
		PL344          		CODE           	157B4	0000	18
		PL192          		CODE           	1E04A	0000	32
		PL534          		CODE           	1978A	0000	22
		PL382          		CODE           	17AE4	0000	34
		PL724          		CODE           	1415C	0000	14
		PL572          		CODE           	1E378	0000	18
		PL762          		CODE           	191A4	0000	10
		_preset_mask   		MEDIUMCONST    	C2D1	0000	48
		_line_start    		MEDIUMCONST    	C39E	0000	4
		_Moonballer_loc		MEDIUMCONST    	ED22	0000	60
		PL216          		CODE           	196FE	0000	28
		PL406          		CODE           	13F58	0000	18
		PL254          		CODE           	13DF2	0000	20
		PL444          		CODE           	17332	0000	26
		PL292          		CODE           	167E4	0000	18
		PL634          		CODE           	140E0	0000	16
		PL482          		CODE           	13F88	0000	16
		PL672          		CODE           	19EA2	0000	16
		PL126          		CODE           	166BC	0000	28
		PL316          		CODE           	15782	0000	26
		PL164          		CODE           	156CA	0000	28
		PL506          		CODE           	1EA6E	0000	24
		PL354          		CODE           	1D98A	0000	38
		PL544          		CODE           	197A0	0000	22
		PL392          		CODE           	1DEB4	0000	24
		PL734          		CODE           	14186	0000	14
		PL582          		CODE           	14088	0000	18
		PL772          		CODE           	1F5CE	0000	8
		_preparm1base  		MEDIUMCONST    	C341	0000	19
		PL226          		CODE           	1E7BC	0000	16
		PL416          		CODE           	17B26	0000	18
		PL264          		CODE           	1728C	0000	32
		PL606          		CODE           	1D1D6	0000	18
		PL454          		CODE           	1CD86	0000	26
		PL644          		CODE           	140F0	0000	16
		PL492          		CODE           	1581E	0000	16
		PL682          		CODE           	1D7C8	0000	16
		_CurSense      		MEDIUMCONST    	C275	0000	92
		_transition_loc		MEDIUMCONST    	EEC6	0000	60
		PL136          		CODE           	13C6A	0000	44
		PL326          		CODE           	1C39C	0000	14
		PL174          		CODE           	1A9BE	0000	16
		PL516          		CODE           	13FF4	0000	24
		PL364          		CODE           	1B3EC	0000	36
		PL706          		CODE           	158B6	0000	14
		PL554          		CODE           	1E66C	0000	14
		PL744          		CODE           	1B42C	0000	14
		PL592          		CODE           	1A4B8	0000	18
		PL782          		CODE           	1A51C	0000	10
		i2_WriteSPI1   		CODE           	1F26	0000	22
		PL236          		CODE           	1A40A	0000	34
		PL426          		CODE           	13F6A	0000	16
		PL274          		CODE           	17A9A	0000	30
		PL616          		CODE           	17B70	0000	12
		PL464          		CODE           	15804	0000	26
		PL654          		CODE           	1A4EA	0000	16
		PL692          		CODE           	1980A	0000	16
		_xtbl_EL04     		MEDIUMCONST    	E84A	0000	384
		_flash_header  		MEDIUMCONST    	EF02	0000	33
		PL108          		CODE           	1D1A0	0000	28
		PL146          		CODE           	18AA8	0000	22
		PL336          		CODE           	1973C	0000	24
		PL184          		CODE           	1727C	0000	16
		PL526          		CODE           	18324	0000	24
		PL374          		CODE           	18AFE	0000	14
		PL716          		CODE           	1FB8A	0000	14
		PL564          		CODE           	1EA86	0000	18
		PL754          		CODE           	1D1F6	0000	10
		PL792          		CODE           	168DC	0000	6
		_accel_low     		MEDIUMCONST    	EF63	0000	32
		_xtbl_EL05LE2  		MEDIUMCONST    	E9CA	0000	384
		PL208          		CODE           	19D80	0000	20
		PL246          		CODE           	1FED4	0000	34
		PL436          		CODE           	1BD90	0000	14
		PL284          		CODE           	167B8	0000	22
		PL626          		CODE           	140D0	0000	16
		PL474          		CODE           	1E204	0000	14
		PL664          		CODE           	1AF3E	0000	16
		_key2loc       		MEDIUMCONST    	C0ED	0000	288
		_base_feeds    		MEDIUMCONST    	C301	0000	32
		_space         		MEDIUMCONST    	F02C	0000	2
		_accel_low_d   		MEDIUMCONST    	EF83	0000	32
		PL118          		CODE           	1669A	0000	34
		PL308          		CODE           	172DE	0000	48
		PL156          		CODE           	1C074	0000	34
		PL346          		CODE           	1C3AA	0000	18
		PL194          		CODE           	13D7C	0000	22
		PL536          		CODE           	1A47A	0000	22
		PL384          		CODE           	1683C	0000	14
		PL726          		CODE           	1C64C	0000	14
		PL574          		CODE           	19E4C	0000	18
		PL764          		CODE           	168B2	0000	10
		_Beginner_locs 		MEDIUMCONST    	EC6E	0000	60
		PL218          		CODE           	1A3EE	0000	28
		PL408          		CODE           	157C6	0000	18
		PL256          		CODE           	13E06	0000	14
		PL446          		CODE           	1F4A0	0000	26
		PL294          		CODE           	13E32	0000	18
		PL636          		CODE           	19E82	0000	16
		PL484          		CODE           	13F98	0000	16
		PL674          		CODE           	1DB60	0000	16
		_home_loc      		MEDIUMCONST    	C372	0000	10
		_lobmach_EL05LE		MEDIUMCONST    	C391	0000	7
		PL128          		CODE           	166D8	0000	22
		PL318          		CODE           	1C382	0000	26
		PL166          		CODE           	17260	0000	28
		PL508          		CODE           	1582E	0000	24
		PL356          		CODE           	1730E	0000	36
		PL546          		CODE           	19E40	0000	12
		PL394          		CODE           	13F12	0000	18
		PL736          		CODE           	1F0A2	0000	14
		PL584          		CODE           	1409A	0000	18
		PL774          		CODE           	141C4	0000	10
		_Intermediate_l		MEDIUMCONST    	ECAA	0000	60
		_base_speeds   		MEDIUMCONST    	EBF2	0000	64
		PL228          		CODE           	1D1BC	0000	26
		PL418          		CODE           	1684A	0000	18
		PL266          		CODE           	172AC	0000	14
		PL608          		CODE           	197C8	0000	18
		PL456          		CODE           	1734C	0000	26
		PL646          		CODE           	14100	0000	16
		PL494          		CODE           	1C8E6	0000	16
		PL684          		CODE           	15898	0000	16
		i2_PgaGain     		CODE           	1802	0000	64
		PL138          		CODE           	1671A	0000	62
		PL328          		CODE           	13E9E	0000	12
		PL176          		CODE           	1CB3C	0000	14
		PL518          		CODE           	1400C	0000	24
		PL366          		CODE           	19DD2	0000	36
		PL708          		CODE           	14140	0000	14
		PL556          		CODE           	1407A	0000	14
		PL746          		CODE           	1B8FC	0000	14
		PL594          		CODE           	19162	0000	18
		PL784          		CODE           	168C8	0000	6
		PL2            		CODE           	1382E	0000	64
		PL238          		CODE           	190A2	0000	34
		PL428          		CODE           	19754	0000	28
		PL276          		CODE           	1679A	0000	30
		PL618          		CODE           	1834A	0000	12
		PL466          		CODE           	17366	0000	26
		PL656          		CODE           	1CB58	0000	16
		PL694          		CODE           	19194	0000	16
		_pre_rand      		MEDIUMCONST    	C20D	0000	104
		PL148          		CODE           	15692	0000	14
		PL338          		CODE           	1BD7C	0000	20
		PL186          		CODE           	13D5C	0000	16
		PL528          		CODE           	14054	0000	22
		PL376          		CODE           	1B410	0000	12
		PL718          		CODE           	1AF4E	0000	14
		PL566          		CODE           	1687C	0000	20
		PL756          		CODE           	1981A	0000	8
		_FeedStartTbl  		MEDIUMCONST    	EB4A	0000	168
		PL10           		CODE           	1393E	0000	46
		PL4            		CODE           	1386E	0000	66
		i2_DelayFor18TC		CODE           	1EE0	0000	26
		PL248          		CODE           	1572A	0000	34
		PL438          		CODE           	19DF6	0000	26
		PL286          		CODE           	167CE	0000	22
		PL628          		CODE           	1C0E8	0000	16
		PL476          		CODE           	13F7A	0000	14
		PL666          		CODE           	15888	0000	16
		_Advanced_locs 		MEDIUMCONST    	EC32	0000	60
		PL20           		CODE           	139CC	0000	34
		PL158          		CODE           	13C96	0000	68
		PL348          		CODE           	13EBC	0000	40
		PL196          		CODE           	13D92	0000	42
		PL538          		CODE           	00B8	0000	22
		PL386          		CODE           	1E4FA	0000	24
		PL728          		CODE           	158D0	0000	10
		PL576          		CODE           	197B6	0000	18
		PL766          		CODE           	19EB2	0000	10
		PL30           		CODE           	13A2A	0000	16
		PL6            		CODE           	138B0	0000	72
		PL258          		CODE           	1A9CE	0000	24
		PL448          		CODE           	19E10	0000	26
		PL296          		CODE           	167F6	0000	18
		PL638          		CODE           	1F6C8	0000	16
		PL486          		CODE           	17380	0000	16
		PL676          		CODE           	14130	0000	16
		PL40           		CODE           	1668A	0000	16
		_accel_hi      		MEDIUMCONST    	EF23	0000	32
		PL168          		CODE           	13CDA	0000	48
		PL358          		CODE           	16818	0000	36
		PL548          		CODE           	1833C	0000	14
		PL396          		CODE           	13F24	0000	20
		PL738          		CODE           	158DA	0000	14
		PL586          		CODE           	19E5E	0000	18
		PL776          		CODE           	168BC	0000	6
		_crlf          		MEDIUMCONST    	F029	0000	3
		_accel_hi_d    		MEDIUMCONST    	EF43	0000	32

shared estimated size: 29247

C:\Program Files (x86)\Microchip\xc8\v1.33\sources\pic18\plib\Timers\t4open.c
		_OpenTimer4    		CODE           	1EC6	0000	26

C:\Program Files (x86)\Microchip\xc8\v1.33\sources\pic18\plib\Timers\t4open.c estimated size: 26

C:\Program Files (x86)\Microchip\xc8\v1.33\sources\common\aldiv.c
		___aldiv       		CODE           	1F9C8	0000	232

C:\Program Files (x86)\Microchip\xc8\v1.33\sources\common\aldiv.c estimated size: 232

C:\Program Files (x86)\Microchip\xc8\v1.33\sources\pic18\plib\Timers\t3close.c
		_CloseTimer3   		CODE           	1FF8	0000	6

C:\Program Files (x86)\Microchip\xc8\v1.33\sources\pic18\plib\Timers\t3close.c estimated size: 6

C:\Program Files (x86)\Microchip\xc8\v1.33\sources\common\strlen.c
		_strlen        		CODE           	15FA	0000	70

C:\Program Files (x86)\Microchip\xc8\v1.33\sources\common\strlen.c estimated size: 70

D:\Users\MichaelZarling\Documents\Lobster\cs020_sw\Master_v1p226p34-XC8\EL04\main\lobparm.c
		_lob_parm      		CODE           	158F0	0000	3442
		_is_available  		CODE           	156E	0000	70
		_isLocAvail    		CODE           	09CA	0000	130
		_chartoa       		CODE           	1E212	0000	358
		_getLocAvail   		CODE           	05FE	0000	142

D:\Users\MichaelZarling\Documents\Lobster\cs020_sw\Master_v1p226p34-XC8\EL04\main\lobparm.c estimated size: 4142

C:\Program Files (x86)\Microchip\xc8\v1.33\sources\common\itoa.c
		_itoa          		CODE           	15B4	0000	70
		_utoa          		CODE           	039C	0000	160

C:\Program Files (x86)\Microchip\xc8\v1.33\sources\common\itoa.c estimated size: 230

C:\Program Files (x86)\Microchip\xc8\v1.33\sources\pic18\plib\Timers\t0open.c
		_OpenTimer0    		CODE           	1E56	0000	30

C:\Program Files (x86)\Microchip\xc8\v1.33\sources\pic18\plib\Timers\t0open.c estimated size: 30

C:\Program Files (x86)\Microchip\xc8\v1.33\sources\common\strchr.c
		_strchr        		CODE           	1BB6	0000	46

C:\Program Files (x86)\Microchip\xc8\v1.33\sources\common\strchr.c estimated size: 46

D:\Users\MichaelZarling\Documents\Lobster\cs020_sw\Master_v1p226p34-XC8\EL04\main\loblcd.c
		_set_intensity 		CODE           	1D24	0000	36
		_clear_lcd     		CODE           	144E	0000	72

D:\Users\MichaelZarling\Documents\Lobster\cs020_sw\Master_v1p226p34-XC8\EL04\main\loblcd.c estimated size: 108

C:\Program Files (x86)\Microchip\xc8\v1.33\sources\common\strcpy.c
		_strcpy        		CODE           	1294	0000	74

C:\Program Files (x86)\Microchip\xc8\v1.33\sources\common\strcpy.c estimated size: 74

C:\Program Files (x86)\Microchip\xc8\v1.33\sources\pic18\plib\PWM\pw5close.c
		_ClosePWM5     		CODE           	2022	0000	4

C:\Program Files (x86)\Microchip\xc8\v1.33\sources\pic18\plib\PWM\pw5close.c estimated size: 4

C:\Program Files (x86)\Microchip\xc8\v1.33\sources\common\memset.c
		_memset        		CODE           	1BE4	0000	46

C:\Program Files (x86)\Microchip\xc8\v1.33\sources\common\memset.c estimated size: 46

D:\Users\MichaelZarling\Documents\Lobster\cs020_sw\Master_v1p226p34-XC8\EL04\main\diag.c
		_dumphex       		CODE           	2038	0000	2
		_atoh          		CODE           	1F6D8	0000	258
		_dumplong      		CODE           	203A	0000	2
		_dumpaddr      		CODE           	2036	0000	2
		_dumpshort     		CODE           	2034	0000	2
		_putrsDIAG     		CODE           	203C	0000	2

D:\Users\MichaelZarling\Documents\Lobster\cs020_sw\Master_v1p226p34-XC8\EL04\main\diag.c estimated size: 268

C:\Program Files (x86)\Microchip\xc8\v1.33\sources\pic18\plib\SPI\spi1read.c
		_ReadSPI1      		CODE           	1FDC	0000	14

C:\Program Files (x86)\Microchip\xc8\v1.33\sources\pic18\plib\SPI\spi1read.c estimated size: 14

D:\Users\MichaelZarling\Documents\Lobster\cs020_sw\Master_v1p226p34-XC8\EL04\main\..\xlcd\putrxlcd.c
		_putrsXLCD     		CODE           	0E62	0000	98

D:\Users\MichaelZarling\Documents\Lobster\cs020_sw\Master_v1p226p34-XC8\EL04\main\..\xlcd\putrxlcd.c estimated size: 98

C:\Program Files (x86)\Microchip\xc8\v1.33\sources\pic18\plib\PWM\pw5setdc.c
		_SetDCPWM5     		CODE           	1932	0000	58

C:\Program Files (x86)\Microchip\xc8\v1.33\sources\pic18\plib\PWM\pw5setdc.c estimated size: 58

C:\Program Files (x86)\Microchip\xc8\v1.33\sources\pic18\plib\USART\u1read.c
		_Read1USART    		CODE           	1FA0	0000	16

C:\Program Files (x86)\Microchip\xc8\v1.33\sources\pic18\plib\USART\u1read.c estimated size: 16

C:\Program Files (x86)\Microchip\xc8\v1.33\sources\common\strncpy.c
		_strncpy       		CODE           	0F24	0000	96

C:\Program Files (x86)\Microchip\xc8\v1.33\sources\common\strncpy.c estimated size: 96

C:\Program Files (x86)\Microchip\xc8\v1.33\sources\pic18\plib\CCP\cp2close.c
		_CloseCapture2 		CODE           	200A	0000	6

C:\Program Files (x86)\Microchip\xc8\v1.33\sources\pic18\plib\CCP\cp2close.c estimated size: 6

D:\Users\MichaelZarling\Documents\Lobster\cs020_sw\Master_v1p226p34-XC8\EL04\main\master.c
		_SetTopPwm     		CODE           	19836	0000	1354
		_pwm_debug     		CODE           	0B4E	0000	122
		_nofunc        		CODE           	2032	0000	2
		_SetFeedImm    		CODE           	109C	0000	92
		_SetFeedPwm    		CODE           	1F0B0	0000	250
		_SetFeedRate   		CODE           	14DE	0000	72
		_StartFeedCont 		CODE           	1EF8E	0000	276
		_ForceShot     		CODE           	1FEA	0000	8
		_ee_test       		CODE           	1C3BC	0000	612
		_StopFeedMtr   		CODE           	1742	0000	64
		_ChipReserve   		CODE           	1FB0	0000	16
		_stop_all      		CODE           	1A1A	0000	56
		_StartFeedAtSpd		CODE           	1FAB0	0000	218
		_StopBotMtr    		CODE           	1782	0000	64
		_CalcLimits    		CODE           	1F3CE	0000	192
		_feed_diag     		CODE           	1E7F0	0000	344
		_DisableSlaveSP		CODE           	068C	0000	142
		_StopBidirMtrs 		CODE           	1FCE	0000	14
		_CurShot_diag  		CODE           	1D3FA	0000	412
		_debounced_remo		CODE           	08BE	0000	136
		_main          		CODE           	10000	0000	14382
		_DelayFor18TCY 		CODE           	1EAC	0000	26
		_BuildCmd      		CODE           	1E522	0000	330
		_MtrResponse   		CODE           	1FC0	0000	14
		_slavecmd      		CODE           	1E948	0000	294
		_CalcBotPwm    		CODE           	17390	0000	1802
		_UpdBotPer     		CODE           	1880	0000	62
		_EnableSlaveSPI		CODE           	1ABE	0000	52
		_SEEWrite      		CODE           	1F4D2	0000	242
		_poweroff      		CODE           	071A	0000	140
		_debounce_power		CODE           	1152	0000	86
		_Setup         		CODE           	1B90A	0000	1080
		_SpeedInRange  		CODE           	1372	0000	74
		_StartBot      		CODE           	1AA7C	0000	1068
		_dumpmem       		CODE           	07A6	0000	140
		_GetMtrResponse		CODE           	0A4C	0000	130
		_ChipSelect    		CODE           	17C2	0000	64
		_FeedMtrDone   		CODE           	0D96	0000	76
		_NxtShot_diag  		CODE           	019E	0000	176
		_StopTopMtr    		CODE           	1702	0000	64
		_abort_shot    		CODE           	1B88	0000	46
		_isr           		CODE           	0008	0000	126242
		_exec_diag     		CODE           	1E68A	0000	306
		_UpdTopPer     		CODE           	1D9C0	0000	416
		_SlowFeedMtr   		CODE           	0C3E	0000	90
		_SlvTimeOut    		CODE           	2016	0000	6
		_StartTop      		CODE           	1AF5C	0000	1066
		_sweep_diag    		CODE           	16C2	0000	64
		_FeedPwm2Sec   		CODE           	043C	0000	156
		_DelayPORXLCD  		CODE           	201C	0000	6
		_debounced_remo		CODE           	1328	0000	74
		_setmem        		CODE           	1C12	0000	42
		_a2d_diag      		CODE           	1CB68	0000	542
		_bot_diag      		CODE           	024E	0000	172
		_RemoteSaveDril		CODE           	1D5EA	0000	454
		_CalcTopPwm    		CODE           	17B84	0000	1794
		_top_diag      		CODE           	1D7D8	0000	434
		_kbdiag        		CODE           	1F8D4	0000	244
		_SvcShots      		CODE           	168E2	0000	2430
		_ChipDeSelect  		CODE           	1AF2	0000	52
		_CheckBattery  		CODE           	11A8	0000	86
		_SetBotPwm     		CODE           	18B1C	0000	1366
		_parse_next    		CODE           	0832	0000	140
		_PgaGain       		CODE           	12DE	0000	74
		_BatteryAverage		CODE           	1CFEC	0000	436
		_chip_select   		CODE           	1F3C	0000	20
		_spitest       		CODE           	00E8	0000	182
		_elev_diag     		CODE           	1682	0000	64
		_StartFeed     		CODE           	1ED2A	0000	304
		_StartSweepRand		CODE           	0CB2	0000	114
		_StartElevRando		CODE           	0D24	0000	114
		_SEERead       		CODE           	1496	0000	72

D:\Users\MichaelZarling\Documents\Lobster\cs020_sw\Master_v1p226p34-XC8\EL04\main\master.c estimated size: 162356

C:\Program Files (x86)\Microchip\xc8\v1.33\sources\pic18\plib\PWM\pw5open.c
		_OpenPWM5      		CODE           	1DD2	0000	34

C:\Program Files (x86)\Microchip\xc8\v1.33\sources\pic18\plib\PWM\pw5open.c estimated size: 34

C:\Program Files (x86)\Microchip\xc8\v1.33\sources\pic18\plib\CCP\cp2read.c
		_ReadCapture2  		CODE           	1F78	0000	20

C:\Program Files (x86)\Microchip\xc8\v1.33\sources\pic18\plib\CCP\cp2read.c estimated size: 20

D:\Users\MichaelZarling\Documents\Lobster\cs020_sw\Master_v1p226p34-XC8\EL04\main\lobprog.c
		_show_prog1    		CODE           	1C906	0000	566
		_show_prog2    		CODE           	1F1BC	0000	266
		_show_prog3    		CODE           	1C662	0000	644
		_lob_program   		CODE           	1835E	0000	1738
		_show_progRPM  		CODE           	1E078	0000	362
		_get60mph0spin 		CODE           	1FB98	0000	116

D:\Users\MichaelZarling\Documents\Lobster\cs020_sw\Master_v1p226p34-XC8\EL04\main\lobprog.c estimated size: 3692

D:\Users\MichaelZarling\Documents\Lobster\cs020_sw\Master_v1p226p34-XC8\EL04\main\..\xlcd\openxlcd.c
		_OpenXLCD      		CODE           	056C	0000	146

D:\Users\MichaelZarling\Documents\Lobster\cs020_sw\Master_v1p226p34-XC8\EL04\main\..\xlcd\openxlcd.c estimated size: 146

C:\Program Files (x86)\Microchip\xc8\v1.33\sources\common\lbdiv.c
		___lbdiv       		CODE           	1A52	0000	54

C:\Program Files (x86)\Microchip\xc8\v1.33\sources\common\lbdiv.c estimated size: 54

D:\Users\MichaelZarling\Documents\Lobster\cs020_sw\Master_v1p226p34-XC8\EL04\main\varinit.c
		_varinit       		CODE           	1DB7E	0000	432

D:\Users\MichaelZarling\Documents\Lobster\cs020_sw\Master_v1p226p34-XC8\EL04\main\varinit.c estimated size: 432

D:\Users\MichaelZarling\Documents\Lobster\cs020_sw\Master_v1p226p34-XC8\EL04\main\..\xlcd\wcmdxlcd.c
		_WriteCmdXLCD  		CODE           	1D8E	0000	34

D:\Users\MichaelZarling\Documents\Lobster\cs020_sw\Master_v1p226p34-XC8\EL04\main\..\xlcd\wcmdxlcd.c estimated size: 34

